{"event":"server_start","level":"info","message":"Server running on port 5000","timestamp":"2026-05-03 22:00:27"}
{"event":"login_success","level":"info","message":"Login successful","timestamp":"2026-05-03 22:01:38","userId":1}
{"level":"info","message":"POST /api/auth/login 200 259 - 247.124 ms","timestamp":"2026-05-03 22:01:38"}
{"level":"info","message":"GET /api/auth/me 200 38 - 60.784 ms","timestamp":"2026-05-03 22:05:56"}
{"event":"login_success","level":"info","message":"Login successful","timestamp":"2026-05-03 22:07:47","userId":1}
{"level":"info","message":"POST /api/auth/login 200 259 - 170.520 ms","timestamp":"2026-05-03 22:07:47"}
{"level":"info","message":"GET /api/auth/me 304 - - 2.833 ms","timestamp":"2026-05-03 22:07:47"}
{"level":"info","message":"GET /api/auth/me 304 - - 1.730 ms","timestamp":"2026-05-03 22:07:47"}
{"level":"info","message":"GET /api/auth/me - - - - ms","timestamp":"2026-05-03 22:12:36"}
{"level":"info","message":"GET /api/auth/me 200 38 - 1.443 ms","timestamp":"2026-05-03 22:12:37"}
{"level":"info","message":"GET /api/auth/me 304 - - 199.273 ms","timestamp":"2026-05-03 22:13:48"}
{"level":"info","message":"GET /api/auth/me 304 - - 1.834 ms","timestamp":"2026-05-03 22:13:54"}
{"level":"info","message":"GET /api/auth/me 304 - - 53.222 ms","timestamp":"2026-05-03 22:17:19"}
{"level":"info","message":"GET /api/auth/me 304 - - 0.837 ms","timestamp":"2026-05-03 22:17:19"}
{"level":"info","message":"GET /api/auth/me 304 - - 47.398 ms","timestamp":"2026-05-03 22:17:29"}
{"level":"info","message":"GET /api/auth/me 304 - - 51.145 ms","timestamp":"2026-05-03 22:18:18"}
{"level":"info","message":"GET /api/auth/me 304 - - 53.616 ms","timestamp":"2026-05-03 22:19:50"}
{"level":"info","message":"GET /api/auth/me 304 - - 0.971 ms","timestamp":"2026-05-03 22:19:50"}
{"level":"info","message":"GET /api/auth/me 304 - - 49.454 ms","timestamp":"2026-05-03 22:20:41"}
{"level":"info","message":"GET /api/auth/me 304 - - 0.855 ms","timestamp":"2026-05-03 22:20:41"}
{"level":"info","message":"GET /api/auth/me 304 - - 50.822 ms","timestamp":"2026-05-03 22:21:28"}
{"level":"info","message":"GET /api/auth/me 304 - - 1.157 ms","timestamp":"2026-05-03 22:21:29"}
{"level":"info","message":"GET /api/auth/me 304 - - 51.728 ms","timestamp":"2026-05-03 22:22:25"}
{"level":"info","message":"GET /api/auth/me 304 - - 50.016 ms","timestamp":"2026-05-03 22:22:39"}
{"level":"info","message":"GET /api/auth/me 304 - - 1.053 ms","timestamp":"2026-05-03 22:22:39"}
{"level":"info","message":"GET /api/auth/me 304 - - 54.835 ms","timestamp":"2026-05-03 22:23:30"}
{"level":"info","message":"GET /api/auth/me 304 - - 1.157 ms","timestamp":"2026-05-03 22:23:30"}
{"event":"login_success","level":"info","message":"Login successful","timestamp":"2026-05-03 22:52:10","userId":1}
{"level":"info","message":"POST /api/auth/login 200 259 - 172.413 ms","timestamp":"2026-05-03 22:52:10"}
{"level":"info","message":"GET /api/auth/me 304 - - 1.370 ms","timestamp":"2026-05-03 22:52:10"}
{"level":"info","message":"GET /api/auth/me 304 - - 1.240 ms","timestamp":"2026-05-03 22:52:10"}
{"level":"info","message":"GET /api/auth/me 304 - - 57.917 ms","timestamp":"2026-05-03 22:52:23"}
{"level":"info","message":"GET /api/auth/me 304 - - 1.083 ms","timestamp":"2026-05-03 22:52:23"}
{"level":"info","message":"GET /api/auth/me 304 - - 55.985 ms","timestamp":"2026-05-03 22:55:20"}
{"event":"login_success","level":"info","message":"Login successful","timestamp":"2026-05-03 22:55:34","userId":1}
{"level":"info","message":"POST /api/auth/login 200 259 - 179.599 ms","timestamp":"2026-05-03 22:55:34"}
{"level":"info","message":"GET /api/auth/me 304 - - 1.848 ms","timestamp":"2026-05-03 22:55:34"}
{"level":"info","message":"GET /api/auth/me 304 - - 1.029 ms","timestamp":"2026-05-03 22:55:34"}
{"level":"info","message":"GET /api/auth/me 304 - - 1.369 ms","timestamp":"2026-05-03 22:55:37"}
{"level":"info","message":"GET /api/auth/me 304 - - 1.085 ms","timestamp":"2026-05-03 22:55:37"}
{"event":"login_success","level":"info","message":"Login successful","timestamp":"2026-05-03 22:55:46","userId":1}
{"level":"info","message":"POST /api/auth/login 200 259 - 75.032 ms","timestamp":"2026-05-03 22:55:46"}
{"level":"info","message":"GET /api/auth/me 304 - - 1.005 ms","timestamp":"2026-05-03 22:55:46"}
{"level":"info","message":"GET /api/auth/me 304 - - 1.323 ms","timestamp":"2026-05-03 22:55:46"}
{"level":"info","message":"GET /api/auth/me 304 - - 1.078 ms","timestamp":"2026-05-03 22:55:47"}
{"level":"info","message":"GET /api/auth/me 304 - - 1.365 ms","timestamp":"2026-05-03 22:55:47"}
{"event":"login_success","level":"info","message":"Login successful","timestamp":"2026-05-03 22:56:58","userId":1}
{"level":"info","message":"POST /api/auth/login 200 259 - 140.939 ms","timestamp":"2026-05-03 22:56:58"}
{"level":"info","message":"GET /api/auth/me 304 - - 1.118 ms","timestamp":"2026-05-03 22:56:58"}
{"level":"info","message":"GET /api/auth/me 304 - - 1.152 ms","timestamp":"2026-05-03 22:56:58"}
{"level":"info","message":"GET /api/auth/me 304 - - 1.653 ms","timestamp":"2026-05-03 22:57:00"}
{"level":"info","message":"GET /api/auth/me 304 - - 2.737 ms","timestamp":"2026-05-03 22:57:00"}
{"level":"info","message":"GET /api/auth/me 304 - - 1.961 ms","timestamp":"2026-05-03 22:57:01"}
{"level":"info","message":"GET /api/auth/me 304 - - 1.070 ms","timestamp":"2026-05-03 22:57:01"}
{"level":"info","message":"GET /api/auth/me 304 - - 1.500 ms","timestamp":"2026-05-03 22:57:03"}
{"level":"info","message":"GET /api/auth/me 304 - - 2.019 ms","timestamp":"2026-05-03 22:57:03"}
{"level":"info","message":"GET /api/auth/me 304 - - 1.417 ms","timestamp":"2026-05-03 22:57:04"}
{"level":"info","message":"GET /api/auth/me 304 - - 1.740 ms","timestamp":"2026-05-03 22:57:04"}
{"level":"info","message":"GET /api/auth/me 304 - - 1.011 ms","timestamp":"2026-05-03 22:57:05"}
{"level":"info","message":"GET /api/auth/me 304 - - 1.369 ms","timestamp":"2026-05-03 22:57:05"}
